Component: ARM Compiler 5.06 update 6 (build 750) Tool: armlink [4d35ed]

==============================================================================

Section Cross References

    main.o(i.Buzzer) refers to aeabi_sdiv.o(.text) for __aeabi_uidivmod
    main.o(i.Read_EEPROM) refers to eeprom.o(i.eeprom_read) for eeprom_read
    main.o(i.Read_EEPROM) refers to main.o(.data) for check
    main.o(i.main) refers to system_sn32f400.o(i.SystemInit) for SystemInit
    main.o(i.main) refers to system_sn32f400.o(i.SystemCoreClockUpdate) for SystemCoreClockUpdate
    main.o(i.main) refers to pfpa.o(i.PFPA_Init) for PFPA_Init
    main.o(i.main) refers to main.o(i.NotPinOut_GPIO_init) for NotPinOut_GPIO_init
    main.o(i.main) refers to systick.o(i.SysTick_Init) for SysTick_Init
    main.o(i.main) refers to gpio.o(i.GPIO_Init) for GPIO_Init
    main.o(i.main) refers to ct16b0.o(i.CT16B0_Init) for CT16B0_Init
    main.o(i.main) refers to i2c0.o(i.I2C0_Init) for I2C0_Init
    main.o(i.main) refers to main.o(i.update_segment) for update_segment
    main.o(i.main) refers to main.o(i.Read_EEPROM) for Read_EEPROM
    main.o(i.main) refers to utility.o(i.UT_DelayNx10us) for UT_DelayNx10us
    main.o(i.main) refers to aeabi_sdiv.o(.text) for __aeabi_idivmod
    main.o(i.main) refers to main.o(.data) for update_1m_flag
    main.o(i.main) refers to segment.o(.constdata) for SEGMENT_TABLE
    main.o(i.main) refers to segment.o(.data) for segment_buff
    main.o(i.main) refers to eeprom.o(i.eeprom_write) for eeprom_write
    main.o(i.main) refers to main.o(i.Buzzer) for Buzzer
    main.o(i.main) refers to segment.o(i.Digital_Scan) for Digital_Scan
    main.o(i.update_segment) refers to aeabi_sdiv.o(.text) for __aeabi_idivmod
    main.o(i.update_segment) refers to segment.o(.constdata) for SEGMENT_TABLE
    main.o(i.update_segment) refers to segment.o(.data) for segment_buff
    wdt.o(i.WDT_Init) refers to wdt.o(i.WDT_ReloadValue) for WDT_ReloadValue
    wdt.o(i.WDT_NvicEnable) refers to wdt.o(i.__NVIC_SetPriority) for __NVIC_SetPriority
    utility.o(i.UT_DelayNms) refers to utility.o(i.UT_DelayNx10us) for UT_DelayNx10us
    ct16b1.o(i.CT16B1_IRQHandler) refers to ct16b1.o(.data) for timer_1ms_flag
    ct16b1.o(i.CT16B1_Init) refers to ct16b1.o(i.__NVIC_EnableIRQ) for __NVIC_EnableIRQ
    ct16b1.o(i.CT16B1_NvicEnable) refers to ct16b1.o(i.__NVIC_EnableIRQ) for __NVIC_EnableIRQ
    sys_con_drive.o(i.SYS0_SystemClockSwitch) refers to sys_con_drive.o(i.__ARM_common_switch8) for __ARM_common_switch8
    systick.o(i.SysTick_ConfigTime) refers to aeabi_sdiv.o(.text) for __aeabi_uidivmod
    systick.o(i.SysTick_ConfigTime) refers to system_sn32f400.o(.data) for SystemCoreClock
    systick.o(i.SysTick_Handler) refers to main.o(.data) for Timer_Debounce_SW3
    systick.o(i.SysTick_Handler) refers to systick.o(.data) for tick_count
    systick.o(i.SysTick_Init) refers to system_sn32f400.o(i.SystemCoreClockUpdate) for SystemCoreClockUpdate
    systick.o(i.SysTick_Init) refers to systick.o(i.SysTick_ConfigTime) for SysTick_ConfigTime
    adc.o(i.ADC_FuncInit) refers to utility.o(i.UT_DelayNx10us) for UT_DelayNx10us
    cmp.o(i.CMP_init) refers to cmp.o(i.CMP_VIREF_Enable) for CMP_VIREF_Enable
    cmp.o(i.CMP_init) refers to cmp.o(i.__NVIC_EnableIRQ) for __NVIC_EnableIRQ
    ct16b5.o(i.CT16B5_IRQHandler) refers to ct16b5.o(.data) for iwCT16B5_IrqEvent
    dma.o(i.DMA_IRQHandler) refers to dma.o(.data) for stDMA0IntFlag
    keyscan.o(i.KeyScan) refers to utility.o(i.UT_DelayNx10us) for UT_DelayNx10us
    keyscan.o(i.KeyScan) refers to keyscan.o(.data) for key_check
    eeprom.o(i.eeprom_read) refers to i2c0.o(i.I2C0_Start) for I2C0_Start
    eeprom.o(i.eeprom_read) refers to i2c0.o(i.I2C_write_byte) for I2C_write_byte
    eeprom.o(i.eeprom_read) refers to i2c0.o(i.I2C0_Stop) for I2C0_Stop
    eeprom.o(i.eeprom_read) refers to i2c0.o(i.I2C_read_byte) for I2C_read_byte
    eeprom.o(i.eeprom_write) refers to i2c0.o(i.I2C0_Start) for I2C0_Start
    eeprom.o(i.eeprom_write) refers to i2c0.o(i.I2C_write_byte) for I2C_write_byte
    eeprom.o(i.eeprom_write) refers to i2c0.o(i.I2C0_Stop) for I2C0_Stop
    segment.o(i.Digital_DisplayDEC) refers to aeabi_sdiv.o(.text) for __aeabi_idivmod
    segment.o(i.Digital_DisplayDEC) refers to segment.o(.data) for segment_buff
    segment.o(i.Digital_DisplayDEC) refers to segment.o(.constdata) for SEGMENT_TABLE
    segment.o(i.Digital_DisplayHEX) refers to segment.o(.constdata) for SEGMENT_TABLE
    segment.o(i.Digital_DisplayHEX) refers to segment.o(.data) for segment_buff
    segment.o(i.Digital_Scan) refers to segment.o(.data) for com_scan
    buzzer.o(i.set_buzzer_pitch) refers to buzzer.o(.constdata) for musical_table
    startup_sn32f400.o(STACK) refers (Special) to heapauxi.o(.text) for __use_two_region_memory
    startup_sn32f400.o(HEAP) refers (Special) to heapauxi.o(.text) for __use_two_region_memory
    startup_sn32f400.o(RESET) refers (Special) to heapauxi.o(.text) for __use_two_region_memory
    startup_sn32f400.o(RESET) refers to startup_sn32f400.o(STACK) for __initial_sp
    startup_sn32f400.o(RESET) refers to startup_sn32f400.o(.text) for Reset_Handler
    startup_sn32f400.o(RESET) refers to main.o(i.HardFault_Handler) for HardFault_Handler
    startup_sn32f400.o(RESET) refers to systick.o(i.SysTick_Handler) for SysTick_Handler
    startup_sn32f400.o(RESET) refers to dma.o(i.DMA_IRQHandler) for DMA_IRQHandler
    startup_sn32f400.o(RESET) refers to cmp.o(i.CMP3_IRQHandler) for CMP3_IRQHandler
    startup_sn32f400.o(RESET) refers to i2c0.o(i.I2C0_IRQHandler) for I2C0_IRQHandler
    startup_sn32f400.o(RESET) refers to cmp.o(i.CMP2_IRQHandler) for CMP2_IRQHandler
    startup_sn32f400.o(RESET) refers to ct16b0.o(i.CT16B0_IRQHandler) for CT16B0_IRQHandler
    startup_sn32f400.o(RESET) refers to ct16b1.o(i.CT16B1_IRQHandler) for CT16B1_IRQHandler
    startup_sn32f400.o(RESET) refers to cmp.o(i.CMP1_IRQHandler) for CMP1_IRQHandler
    startup_sn32f400.o(RESET) refers to ct16b5.o(i.CT16B5_IRQHandler) for CT16B5_IRQHandler
    startup_sn32f400.o(RESET) refers to adc.o(i.ADC_IRQHandler) for ADC_IRQHandler
    startup_sn32f400.o(RESET) refers to wdt.o(i.WDT_IRQHandler) for WDT_IRQHandler
    startup_sn32f400.o(RESET) refers to sys_con_drive.o(i.LVD_IRQHandler) for LVD_IRQHandler
    startup_sn32f400.o(RESET) refers to cmp.o(i.CMP0_IRQHandler) for CMP0_IRQHandler
    startup_sn32f400.o(RESET) refers to gpio.o(i.P3_IRQHandler) for P3_IRQHandler
    startup_sn32f400.o(RESET) refers to gpio.o(i.P2_IRQHandler) for P2_IRQHandler
    startup_sn32f400.o(RESET) refers to gpio.o(i.P1_IRQHandler) for P1_IRQHandler
    startup_sn32f400.o(RESET) refers to gpio.o(i.P0_IRQHandler) for P0_IRQHandler
    startup_sn32f400.o(.ARM.__at_0x00007FFC) refers (Special) to heapauxi.o(.text) for __use_two_region_memory
    startup_sn32f400.o(.text) refers (Special) to heapauxi.o(.text) for __use_two_region_memory
    startup_sn32f400.o(.text) refers to __main.o(!!!main) for __main
    startup_sn32f400.o(.text) refers to startup_sn32f400.o(HEAP) for Heap_Mem
    startup_sn32f400.o(.text) refers to startup_sn32f400.o(STACK) for Stack_Mem
    system_sn32f400.o(i.SystemCoreClockUpdate) refers to sys_con_drive.o(i.__ARM_common_switch8) for __ARM_common_switch8
    system_sn32f400.o(i.SystemCoreClockUpdate) refers to aeabi_sdiv.o(.text) for __aeabi_uidivmod
    system_sn32f400.o(i.SystemCoreClockUpdate) refers to system_sn32f400.o(.data) for SystemCoreClock
    __main.o(!!!main) refers to __rtentry.o(.ARM.Collect$$rtentry$$00000000) for __rt_entry
    __rtentry.o(.ARM.Collect$$rtentry$$00000000) refers (Special) to __rtentry2.o(.ARM.Collect$$rtentry$$0000000A) for __rt_entry_li
    __rtentry.o(.ARM.Collect$$rtentry$$00000000) refers (Special) to __rtentry2.o(.ARM.Collect$$rtentry$$0000000D) for __rt_entry_main
    __rtentry.o(.ARM.Collect$$rtentry$$00000000) refers (Special) to __rtentry2.o(.ARM.Collect$$rtentry$$0000000C) for __rt_entry_postli_1
    __rtentry.o(.ARM.Collect$$rtentry$$00000000) refers (Special) to __rtentry2.o(.ARM.Collect$$rtentry$$00000009) for __rt_entry_postsh_1
    __rtentry.o(.ARM.Collect$$rtentry$$00000000) refers (Special) to __rtentry2.o(.ARM.Collect$$rtentry$$00000002) for __rt_entry_presh_1
    __rtentry.o(.ARM.Collect$$rtentry$$00000000) refers (Special) to __rtentry4.o(.ARM.Collect$$rtentry$$00000004) for __rt_entry_sh
    aeabi_idiv0_sigfpe.o(.text) refers to rt_div0.o(.text) for __rt_div0
    __rtentry2.o(.ARM.Collect$$rtentry$$00000008) refers to boardinit2.o(.text) for _platform_post_stackheap_init
    __rtentry2.o(.ARM.Collect$$rtentry$$0000000A) refers to libinit.o(.ARM.Collect$$libinit$$00000000) for __rt_lib_init
    __rtentry2.o(.ARM.Collect$$rtentry$$0000000B) refers to boardinit3.o(.text) for _platform_post_lib_init
    __rtentry2.o(.ARM.Collect$$rtentry$$0000000D) refers to main.o(i.main) for main
    __rtentry2.o(.ARM.Collect$$rtentry$$0000000D) refers to exit.o(.text) for exit
    __rtentry2.o(.ARM.exidx) refers to __rtentry2.o(.ARM.Collect$$rtentry$$00000001) for .ARM.Collect$$rtentry$$00000001
    __rtentry2.o(.ARM.exidx) refers to __rtentry2.o(.ARM.Collect$$rtentry$$00000008) for .ARM.Collect$$rtentry$$00000008
    __rtentry2.o(.ARM.exidx) refers to __rtentry2.o(.ARM.Collect$$rtentry$$0000000A) for .ARM.Collect$$rtentry$$0000000A
    __rtentry2.o(.ARM.exidx) refers to __rtentry2.o(.ARM.Collect$$rtentry$$0000000B) for .ARM.Collect$$rtentry$$0000000B
    __rtentry2.o(.ARM.exidx) refers to __rtentry2.o(.ARM.Collect$$rtentry$$0000000D) for .ARM.Collect$$rtentry$$0000000D
    __rtentry4.o(.ARM.Collect$$rtentry$$00000004) refers to sys_stackheap_outer.o(.text) for __user_setup_stackheap
    __rtentry4.o(.ARM.exidx) refers to __rtentry4.o(.ARM.Collect$$rtentry$$00000004) for .ARM.Collect$$rtentry$$00000004
    rt_div0.o(.text) refers to defsig_fpe_outer.o(.text) for __rt_SIGFPE
    sys_stackheap_outer.o(.text) refers to libspace.o(.text) for __user_perproc_libspace
    sys_stackheap_outer.o(.text) refers to startup_sn32f400.o(.text) for __user_initial_stackheap
    sys_stackheap_outer.o(__vectab_stack_and_reset_area) refers to tempstk.o(.text) for __temporary_stack_top
    sys_stackheap_outer.o(__vectab_stack_and_reset_area) refers to __main.o(!!!main) for __main
    exit.o(.text) refers to rtexit.o(.ARM.Collect$$rtexit$$00000000) for __rt_exit
    defsig_fpe_outer.o(.text) refers to defsig_fpe_inner.o(.text) for __rt_SIGFPE_inner
    defsig_fpe_outer.o(.text) refers to defsig_exit.o(.text) for __sig_exit
    defsig_fpe_formal.o(.text) refers to rt_raise.o(.text) for __rt_raise
    libinit.o(.ARM.Collect$$libinit$$00000000) refers (Special) to libinit2.o(.ARM.Collect$$libinit$$0000002E) for __rt_lib_init_alloca_1
    libinit.o(.ARM.Collect$$libinit$$00000000) refers (Special) to libinit2.o(.ARM.Collect$$libinit$$0000002C) for __rt_lib_init_argv_1
    libinit.o(.ARM.Collect$$libinit$$00000000) refers (Special) to libinit2.o(.ARM.Collect$$libinit$$0000001B) for __rt_lib_init_atexit_1
    libinit.o(.ARM.Collect$$libinit$$00000000) refers (Special) to libinit2.o(.ARM.Collect$$libinit$$00000021) for __rt_lib_init_clock_1
    libinit.o(.ARM.Collect$$libinit$$00000000) refers (Special) to libinit2.o(.ARM.Collect$$libinit$$00000032) for __rt_lib_init_cpp_1
    libinit.o(.ARM.Collect$$libinit$$00000000) refers (Special) to libinit2.o(.ARM.Collect$$libinit$$00000030) for __rt_lib_init_exceptions_1
    libinit.o(.ARM.Collect$$libinit$$00000000) refers (Special) to libinit2.o(.ARM.Collect$$libinit$$00000002) for __rt_lib_init_fp_1
    libinit.o(.ARM.Collect$$libinit$$00000000) refers (Special) to libinit2.o(.ARM.Collect$$libinit$$0000001F) for __rt_lib_init_fp_trap_1
    libinit.o(.ARM.Collect$$libinit$$00000000) refers (Special) to libinit2.o(.ARM.Collect$$libinit$$00000023) for __rt_lib_init_getenv_1
    libinit.o(.ARM.Collect$$libinit$$00000000) refers (Special) to libinit2.o(.ARM.Collect$$libinit$$0000000A) for __rt_lib_init_heap_1
    libinit.o(.ARM.Collect$$libinit$$00000000) refers (Special) to libinit2.o(.ARM.Collect$$libinit$$00000011) for __rt_lib_init_lc_collate_1
    libinit.o(.ARM.Collect$$libinit$$00000000) refers (Special) to libinit2.o(.ARM.Collect$$libinit$$00000013) for __rt_lib_init_lc_ctype_1
    libinit.o(.ARM.Collect$$libinit$$00000000) refers (Special) to libinit2.o(.ARM.Collect$$libinit$$00000015) for __rt_lib_init_lc_monetary_1
    libinit.o(.ARM.Collect$$libinit$$00000000) refers (Special) to libinit2.o(.ARM.Collect$$libinit$$00000017) for __rt_lib_init_lc_numeric_1
    libinit.o(.ARM.Collect$$libinit$$00000000) refers (Special) to libinit2.o(.ARM.Collect$$libinit$$00000019) for __rt_lib_init_lc_time_1
    libinit.o(.ARM.Collect$$libinit$$00000000) refers (Special) to libinit2.o(.ARM.Collect$$libinit$$00000004) for __rt_lib_init_preinit_1
    libinit.o(.ARM.Collect$$libinit$$00000000) refers (Special) to libinit2.o(.ARM.Collect$$libinit$$0000000E) for __rt_lib_init_rand_1
    libinit.o(.ARM.Collect$$libinit$$00000000) refers (Special) to libinit2.o(.ARM.Collect$$libinit$$00000033) for __rt_lib_init_return
    libinit.o(.ARM.Collect$$libinit$$00000000) refers (Special) to libinit2.o(.ARM.Collect$$libinit$$0000001D) for __rt_lib_init_signal_1
    libinit.o(.ARM.Collect$$libinit$$00000000) refers (Special) to libinit2.o(.ARM.Collect$$libinit$$00000025) for __rt_lib_init_stdio_1
    libinit.o(.ARM.Collect$$libinit$$00000000) refers (Special) to libinit2.o(.ARM.Collect$$libinit$$0000000C) for __rt_lib_init_user_alloc_1
    libspace.o(.text) refers to libspace.o(.bss) for __libspace_start
    rtexit.o(.ARM.Collect$$rtexit$$00000000) refers (Special) to rtexit2.o(.ARM.Collect$$rtexit$$00000004) for __rt_exit_exit
    rtexit.o(.ARM.Collect$$rtexit$$00000000) refers (Special) to rtexit2.o(.ARM.Collect$$rtexit$$00000003) for __rt_exit_ls
    rtexit.o(.ARM.Collect$$rtexit$$00000000) refers (Special) to rtexit2.o(.ARM.Collect$$rtexit$$00000002) for __rt_exit_prels_1
    rtexit.o(.ARM.exidx) refers (Special) to rtexit2.o(.ARM.Collect$$rtexit$$00000004) for __rt_exit_exit
    rtexit.o(.ARM.exidx) refers (Special) to rtexit2.o(.ARM.Collect$$rtexit$$00000003) for __rt_exit_ls
    rtexit.o(.ARM.exidx) refers (Special) to rtexit2.o(.ARM.Collect$$rtexit$$00000002) for __rt_exit_prels_1
    rtexit.o(.ARM.exidx) refers to rtexit.o(.ARM.Collect$$rtexit$$00000000) for .ARM.Collect$$rtexit$$00000000
    rt_raise.o(.text) refers to __raise.o(.text) for __raise
    rt_raise.o(.text) refers to sys_exit.o(.text) for _sys_exit
    defsig_exit.o(.text) refers to sys_exit.o(.text) for _sys_exit
    defsig_fpe_inner.o(.text) refers to defsig_general.o(.text) for __default_signal_display
    libinit2.o(.ARM.Collect$$libinit$$00000010) refers to libinit2.o(.ARM.Collect$$libinit$$0000000F) for .ARM.Collect$$libinit$$0000000F
    libinit2.o(.ARM.Collect$$libinit$$00000012) refers to libinit2.o(.ARM.Collect$$libinit$$0000000F) for .ARM.Collect$$libinit$$0000000F
    libinit2.o(.ARM.Collect$$libinit$$00000014) refers to libinit2.o(.ARM.Collect$$libinit$$0000000F) for .ARM.Collect$$libinit$$0000000F
    libinit2.o(.ARM.Collect$$libinit$$00000016) refers to libinit2.o(.ARM.Collect$$libinit$$0000000F) for .ARM.Collect$$libinit$$0000000F
    libinit2.o(.ARM.Collect$$libinit$$00000018) refers to libinit2.o(.ARM.Collect$$libinit$$0000000F) for .ARM.Collect$$libinit$$0000000F
    libinit2.o(.ARM.Collect$$libinit$$00000026) refers to argv_veneer.o(.text) for __ARM_argv_veneer
    libinit2.o(.ARM.Collect$$libinit$$00000027) refers to argv_veneer.o(.text) for __ARM_argv_veneer
    sys_exit.o(.text) refers (Special) to use_no_semi.o(.text) for __I$use$semihosting
    sys_exit.o(.text) refers (Special) to indicate_semi.o(.text) for __semihosting_library_function
    rtexit2.o(.ARM.Collect$$rtexit$$00000003) refers to libshutdown.o(.ARM.Collect$$libshutdown$$00000000) for __rt_lib_shutdown
    rtexit2.o(.ARM.Collect$$rtexit$$00000004) refers to sys_exit.o(.text) for _sys_exit
    rtexit2.o(.ARM.exidx) refers to rtexit2.o(.ARM.Collect$$rtexit$$00000001) for .ARM.Collect$$rtexit$$00000001
    rtexit2.o(.ARM.exidx) refers to rtexit2.o(.ARM.Collect$$rtexit$$00000003) for .ARM.Collect$$rtexit$$00000003
    rtexit2.o(.ARM.exidx) refers to rtexit2.o(.ARM.Collect$$rtexit$$00000004) for .ARM.Collect$$rtexit$$00000004
    __raise.o(.text) refers to defsig.o(CL$$defsig) for __default_signal_handler
    defsig_general.o(.text) refers to sys_wrch.o(.text) for _ttywrch
    sys_wrch.o(.text) refers (Special) to use_no_semi.o(.text) for __I$use$semihosting
    sys_wrch.o(.text) refers (Special) to indicate_semi.o(.text) for __semihosting_library_function
    defsig.o(CL$$defsig) refers to defsig_fpe_inner.o(.text) for __rt_SIGFPE_inner
    defsig.o(CL$$defsig) refers to defsig_rtmem_inner.o(.text) for __rt_SIGRTMEM_inner
    _get_argv_nomalloc.o(.text) refers (Special) to hrguard.o(.text) for __heap_region$guard
    _get_argv_nomalloc.o(.text) refers to defsig_rtmem_outer.o(.text) for __rt_SIGRTMEM
    _get_argv_nomalloc.o(.text) refers to sys_command.o(.text) for _sys_command_string
    libshutdown.o(.ARM.Collect$$libshutdown$$00000000) refers (Special) to libshutdown2.o(.ARM.Collect$$libshutdown$$00000002) for __rt_lib_shutdown_cpp_1
    libshutdown.o(.ARM.Collect$$libshutdown$$00000000) refers (Special) to libshutdown2.o(.ARM.Collect$$libshutdown$$00000007) for __rt_lib_shutdown_fp_trap_1
    libshutdown.o(.ARM.Collect$$libshutdown$$00000000) refers (Special) to libshutdown2.o(.ARM.Collect$$libshutdown$$0000000F) for __rt_lib_shutdown_heap_1
    libshutdown.o(.ARM.Collect$$libshutdown$$00000000) refers (Special) to libshutdown2.o(.ARM.Collect$$libshutdown$$00000010) for __rt_lib_shutdown_return
    libshutdown.o(.ARM.Collect$$libshutdown$$00000000) refers (Special) to libshutdown2.o(.ARM.Collect$$libshutdown$$0000000A) for __rt_lib_shutdown_signal_1
    libshutdown.o(.ARM.Collect$$libshutdown$$00000000) refers (Special) to libshutdown2.o(.ARM.Collect$$libshutdown$$00000004) for __rt_lib_shutdown_stdio_1
    libshutdown.o(.ARM.Collect$$libshutdown$$00000000) refers (Special) to libshutdown2.o(.ARM.Collect$$libshutdown$$0000000C) for __rt_lib_shutdown_user_alloc_1
    sys_command.o(.text) refers (Special) to use_no_semi.o(.text) for __I$use$semihosting
    sys_command.o(.text) refers (Special) to indicate_semi.o(.text) for __semihosting_library_function
    defsig_abrt_inner.o(.text) refers to defsig_general.o(.text) for __default_signal_display
    defsig_rtred_inner.o(.text) refers to defsig_general.o(.text) for __default_signal_display
    defsig_rtmem_inner.o(.text) refers to defsig_general.o(.text) for __default_signal_display
    defsig_rtmem_outer.o(.text) refers to defsig_rtmem_inner.o(.text) for __rt_SIGRTMEM_inner
    defsig_rtmem_outer.o(.text) refers to defsig_exit.o(.text) for __sig_exit
    defsig_rtmem_formal.o(.text) refers to rt_raise.o(.text) for __rt_raise
    defsig_stak_inner.o(.text) refers to defsig_general.o(.text) for __default_signal_display
    defsig_pvfn_inner.o(.text) refers to defsig_general.o(.text) for __default_signal_display
    defsig_cppl_inner.o(.text) refers to defsig_general.o(.text) for __default_signal_display
    defsig_segv_inner.o(.text) refers to defsig_general.o(.text) for __default_signal_display
    defsig_other.o(.text) refers to defsig_general.o(.text) for __default_signal_display


==============================================================================

Removing Unused input sections from the image.

    Removing main.o(.rev16_text), (4 bytes).
    Removing main.o(.revsh_text), (4 bytes).
    Removing pfpa.o(.rev16_text), (4 bytes).
    Removing pfpa.o(.revsh_text), (4 bytes).
    Removing gpio.o(.rev16_text), (4 bytes).
    Removing gpio.o(.revsh_text), (4 bytes).
    Removing wdt.o(.rev16_text), (4 bytes).
    Removing wdt.o(.revsh_text), (4 bytes).
    Removing wdt.o(i.WDT_Init), (52 bytes).
    Removing wdt.o(i.WDT_NvicDisable), (36 bytes).
    Removing wdt.o(i.WDT_NvicEnable), (68 bytes).
    Removing wdt.o(i.WDT_ReloadValue), (28 bytes).
    Removing wdt.o(i.__NVIC_SetPriority), (120 bytes).
    Removing utility.o(.rev16_text), (4 bytes).
    Removing utility.o(.revsh_text), (4 bytes).
    Removing utility.o(i.UT_DelayNms), (36 bytes).
    Removing ct16b1.o(.rev16_text), (4 bytes).
    Removing ct16b1.o(.revsh_text), (4 bytes).
    Removing ct16b1.o(i.CT16B1_Init), (80 bytes).
    Removing ct16b1.o(i.CT16B1_NvicDisable), (36 bytes).
    Removing ct16b1.o(i.CT16B1_NvicEnable), (36 bytes).
    Removing ct16b1.o(i.__NVIC_EnableIRQ), (32 bytes).
    Removing i2c0.o(.rev16_text), (4 bytes).
    Removing i2c0.o(.revsh_text), (4 bytes).
    Removing ct16b0.o(.rev16_text), (4 bytes).
    Removing ct16b0.o(.revsh_text), (4 bytes).
    Removing ct16b0.o(i.CT16B0_NvicDisable), (36 bytes).
    Removing ct16b0.o(i.CT16B0_NvicEnable), (60 bytes).
    Removing sys_con_drive.o(.rev16_text), (4 bytes).
    Removing sys_con_drive.o(.revsh_text), (4 bytes).
    Removing sys_con_drive.o(i.SYS0_EnableEHSXtal), (68 bytes).
    Removing sys_con_drive.o(i.SYS0_EnableELSXtal), (36 bytes).
    Removing sys_con_drive.o(i.SYS0_EnableIHRC), (116 bytes).
    Removing sys_con_drive.o(i.SYS0_EnablePLL), (80 bytes).
    Removing sys_con_drive.o(i.SYS0_GetResetStatus), (24 bytes).
    Removing sys_con_drive.o(i.SYS0_LvdControl), (140 bytes).
    Removing sys_con_drive.o(i.SYS0_SystemClockSwitch), (132 bytes).
    Removing sys_con_drive.o(i.SYS0_SystemCoreClockUpdate), (56 bytes).
    Removing sys_con_drive.o(i.SYS1_EnableClockout), (52 bytes).
    Removing systick.o(.rev16_text), (4 bytes).
    Removing systick.o(.revsh_text), (4 bytes).
    Removing adc.o(.rev16_text), (4 bytes).
    Removing adc.o(.revsh_text), (4 bytes).
    Removing adc.o(i.ADC_DMA_Start), (116 bytes).
    Removing adc.o(i.ADC_FuncInit), (252 bytes).
    Removing adc.o(i.ADC_Read), (4 bytes).
    Removing cmp.o(.rev16_text), (4 bytes).
    Removing cmp.o(.revsh_text), (4 bytes).
    Removing cmp.o(i.CMP_VIREF_Enable), (40 bytes).
    Removing cmp.o(i.CMP_init), (236 bytes).
    Removing cmp.o(i.__NVIC_EnableIRQ), (32 bytes).
    Removing crc.o(.rev16_text), (4 bytes).
    Removing crc.o(.revsh_text), (4 bytes).
    Removing crc.o(i.CRC_Calc_NOR), (56 bytes).
    Removing crc.o(i.CRC_Calc_ROM), (36 bytes).
    Removing crc.o(i.CRC_Disable), (20 bytes).
    Removing crc.o(i.CRC_Enable), (24 bytes).
    Removing ct16b5.o(.rev16_text), (4 bytes).
    Removing ct16b5.o(.revsh_text), (4 bytes).
    Removing ct16b5.o(i.CT16B5_Init), (24 bytes).
    Removing ct16b5.o(i.CT16B5_NvicDisable), (36 bytes).
    Removing ct16b5.o(i.CT16B5_NvicEnable), (60 bytes).
    Removing dma.o(.rev16_text), (4 bytes).
    Removing dma.o(.revsh_text), (4 bytes).
    Removing dma.o(i.DMA_Abort), (24 bytes).
    Removing dma.o(i.DMA_Init), (224 bytes).
    Removing dma.o(i.DMA_Start), (60 bytes).
    Removing dma.o(i.DMA_UnInit), (68 bytes).
    Removing flash.o(.rev16_text), (4 bytes).
    Removing flash.o(.revsh_text), (4 bytes).
    Removing flash.o(i.FLASH_Checksum), (36 bytes).
    Removing flash.o(i.FLASH_EraseSector), (84 bytes).
    Removing flash.o(i.FLASH_MassErase), (80 bytes).
    Removing flash.o(i.FLASH_ProgramPage), (148 bytes).
    Removing flash.o(.bss), (512 bytes).
    Removing keyscan.o(.rev16_text), (4 bytes).
    Removing keyscan.o(.revsh_text), (4 bytes).
    Removing keyscan.o(i.KeyScan), (244 bytes).
    Removing keyscan.o(.data), (3 bytes).
    Removing eeprom.o(.rev16_text), (4 bytes).
    Removing eeprom.o(.revsh_text), (4 bytes).
    Removing segment.o(.rev16_text), (4 bytes).
    Removing segment.o(.revsh_text), (4 bytes).
    Removing segment.o(i.Digital_DisplayDEC), (132 bytes).
    Removing segment.o(i.Digital_DisplayHEX), (64 bytes).
    Removing buzzer.o(.rev16_text), (4 bytes).
    Removing buzzer.o(.revsh_text), (4 bytes).
    Removing buzzer.o(i.set_buzzer_pitch), (56 bytes).
    Removing buzzer.o(.constdata), (32 bytes).
    Removing system_sn32f400.o(.rev16_text), (4 bytes).
    Removing system_sn32f400.o(.revsh_text), (4 bytes).

91 unused section(s) (total 4195 bytes) removed from the image.

==============================================================================

Image Symbol Table

    Local Symbols

    Symbol Name                              Value     Ov Type        Size  Object(Section)

    RESET                                    0x00000000   Section      192  startup_sn32f400.o(RESET)
    ../clib/angel/boardlib.s                 0x00000000   Number         0  boardinit1.o ABSOLUTE
    ../clib/angel/boardlib.s                 0x00000000   Number         0  boardinit3.o ABSOLUTE
    ../clib/angel/boardlib.s                 0x00000000   Number         0  boardinit2.o ABSOLUTE
    ../clib/angel/boardlib.s                 0x00000000   Number         0  boardshut.o ABSOLUTE
    ../clib/angel/handlers.s                 0x00000000   Number         0  __scatter_zi.o ABSOLUTE
    ../clib/angel/handlers.s                 0x00000000   Number         0  __scatter_copy.o ABSOLUTE
    ../clib/angel/kernel.s                   0x00000000   Number         0  __rtentry.o ABSOLUTE
    ../clib/angel/kernel.s                   0x00000000   Number         0  rtexit.o ABSOLUTE
    ../clib/angel/kernel.s                   0x00000000   Number         0  __rtentry2.o ABSOLUTE
    ../clib/angel/kernel.s                   0x00000000   Number         0  rtexit2.o ABSOLUTE
    ../clib/angel/kernel.s                   0x00000000   Number         0  __rtentry4.o ABSOLUTE
    ../clib/angel/rt.s                       0x00000000   Number         0  aeabi_idiv0_sigfpe.o ABSOLUTE
    ../clib/angel/rt.s                       0x00000000   Number         0  aeabi_idiv0.o ABSOLUTE
    ../clib/angel/rt.s                       0x00000000   Number         0  rt_raise.o ABSOLUTE
    ../clib/angel/rt.s                       0x00000000   Number         0  rt_div0.o ABSOLUTE
    ../clib/angel/scatterp.s                 0x00000000   Number         0  __scatter.o ABSOLUTE
    ../clib/angel/startup.s                  0x00000000   Number         0  __main.o ABSOLUTE
    ../clib/angel/sys.s                      0x00000000   Number         0  sys_stackheap_outer.o ABSOLUTE
    ../clib/angel/sys.s                      0x00000000   Number         0  use_no_semi.o ABSOLUTE
    ../clib/angel/sys.s                      0x00000000   Number         0  libspace.o ABSOLUTE
    ../clib/angel/sys.s                      0x00000000   Number         0  tempstk.o ABSOLUTE
    ../clib/angel/sys.s                      0x00000000   Number         0  indicate_semi.o ABSOLUTE
    ../clib/angel/sysapp.c                   0x00000000   Number         0  sys_wrch.o ABSOLUTE
    ../clib/angel/sysapp.c                   0x00000000   Number         0  sys_command.o ABSOLUTE
    ../clib/angel/sysapp.c                   0x00000000   Number         0  sys_exit.o ABSOLUTE
    ../clib/armsys.c                         0x00000000   Number         0  no_argv.o ABSOLUTE
    ../clib/armsys.c                         0x00000000   Number         0  _get_argv_nomalloc.o ABSOLUTE
    ../clib/armsys.c                         0x00000000   Number         0  argv_veneer.o ABSOLUTE
    ../clib/division.s                       0x00000000   Number         0  aeabi_sdiv_div0.o ABSOLUTE
    ../clib/division.s                       0x00000000   Number         0  aeabi_sdiv.o ABSOLUTE
    ../clib/heapalloc.c                      0x00000000   Number         0  hrguard.o ABSOLUTE
    ../clib/heapaux.c                        0x00000000   Number         0  heapauxi.o ABSOLUTE
    ../clib/libinit.s                        0x00000000   Number         0  libinit2.o ABSOLUTE
    ../clib/libinit.s                        0x00000000   Number         0  libinit.o ABSOLUTE
    ../clib/libinit.s                        0x00000000   Number         0  libshutdown2.o ABSOLUTE
    ../clib/libinit.s                        0x00000000   Number         0  libshutdown.o ABSOLUTE
    ../clib/signal.c                         0x00000000   Number         0  defsig_cppl_inner.o ABSOLUTE
    ../clib/signal.c                         0x00000000   Number         0  defsig_stak_inner.o ABSOLUTE
    ../clib/signal.c                         0x00000000   Number         0  defsig_exit.o ABSOLUTE
    ../clib/signal.c                         0x00000000   Number         0  defsig_fpe_inner.o ABSOLUTE
    ../clib/signal.c                         0x00000000   Number         0  defsig_rtmem_formal.o ABSOLUTE
    ../clib/signal.c                         0x00000000   Number         0  defsig_rtmem_outer.o ABSOLUTE
    ../clib/signal.c                         0x00000000   Number         0  defsig_other.o ABSOLUTE
    ../clib/signal.c                         0x00000000   Number         0  defsig_fpe_outer.o ABSOLUTE
    ../clib/signal.c                         0x00000000   Number         0  defsig_abrt_inner.o ABSOLUTE
    ../clib/signal.c                         0x00000000   Number         0  defsig_segv_inner.o ABSOLUTE
    ../clib/signal.c                         0x00000000   Number         0  defsig_general.o ABSOLUTE
    ../clib/signal.c                         0x00000000   Number         0  defsig_rtred_inner.o ABSOLUTE
    ../clib/signal.c                         0x00000000   Number         0  __raise.o ABSOLUTE
    ../clib/signal.c                         0x00000000   Number         0  defsig_rtmem_inner.o ABSOLUTE
    ../clib/signal.c                         0x00000000   Number         0  defsig_fpe_formal.o ABSOLUTE
    ../clib/signal.c                         0x00000000   Number         0  defsig_pvfn_inner.o ABSOLUTE
    ../clib/signal.s                         0x00000000   Number         0  defsig.o ABSOLUTE
    ../clib/stdlib.c                         0x00000000   Number         0  exit.o ABSOLUTE
    ../fplib/cfplib/fpinit.c                 0x00000000   Number         0  fpinit.o ABSOLUTE
    E:\MCU_HANOI_CONTEST\src\Driver\ADC.c    0x00000000   Number         0  adc.o ABSOLUTE
    E:\MCU_HANOI_CONTEST\src\Driver\CMP.c    0x00000000   Number         0  cmp.o ABSOLUTE
    E:\MCU_HANOI_CONTEST\src\Driver\CRC.c    0x00000000   Number         0  crc.o ABSOLUTE
    E:\MCU_HANOI_CONTEST\src\Driver\CT16B0.c 0x00000000   Number         0  ct16b0.o ABSOLUTE
    E:\MCU_HANOI_CONTEST\src\Driver\CT16B5.c 0x00000000   Number         0  ct16b5.o ABSOLUTE
    E:\MCU_HANOI_CONTEST\src\Driver\DMA.c    0x00000000   Number         0  dma.o ABSOLUTE
    E:\MCU_HANOI_CONTEST\src\Driver\Flash.c  0x00000000   Number         0  flash.o ABSOLUTE
    E:\MCU_HANOI_CONTEST\src\Driver\SYS_con_drive.c 0x00000000   Number         0  sys_con_drive.o ABSOLUTE
    E:\MCU_HANOI_CONTEST\src\Driver\SysTick.c 0x00000000   Number         0  systick.o ABSOLUTE
    E:\MCU_HANOI_CONTEST\src\Module\Buzzer.c 0x00000000   Number         0  buzzer.o ABSOLUTE
    E:\\MCU_HANOI_CONTEST\\src\\Driver\\ADC.c 0x00000000   Number         0  adc.o ABSOLUTE
    E:\\MCU_HANOI_CONTEST\\src\\Driver\\CMP.c 0x00000000   Number         0  cmp.o ABSOLUTE
    E:\\MCU_HANOI_CONTEST\\src\\Driver\\CRC.c 0x00000000   Number         0  crc.o ABSOLUTE
    E:\\MCU_HANOI_CONTEST\\src\\Driver\\CT16B0.c 0x00000000   Number         0  ct16b0.o ABSOLUTE
    E:\\MCU_HANOI_CONTEST\\src\\Driver\\CT16B5.c 0x00000000   Number         0  ct16b5.o ABSOLUTE
    E:\\MCU_HANOI_CONTEST\\src\\Driver\\DMA.c 0x00000000   Number         0  dma.o ABSOLUTE
    E:\\MCU_HANOI_CONTEST\\src\\Driver\\Flash.c 0x00000000   Number         0  flash.o ABSOLUTE
    E:\\MCU_HANOI_CONTEST\\src\\Driver\\SYS_con_drive.c 0x00000000   Number         0  sys_con_drive.o ABSOLUTE
    E:\\MCU_HANOI_CONTEST\\src\\Driver\\SysTick.c 0x00000000   Number         0  systick.o ABSOLUTE
    E:\\MCU_HANOI_CONTEST\\src\\Module\\Buzzer.c 0x00000000   Number         0  buzzer.o ABSOLUTE
    RTE\Device\SN32F407F\startup_SN32F400.s  0x00000000   Number         0  startup_sn32f400.o ABSOLUTE
    RTE\Device\SN32F407F\system_SN32F400.c   0x00000000   Number         0  system_sn32f400.o ABSOLUTE
    RTE\\Device\\SN32F407F\\system_SN32F400.c 0x00000000   Number         0  system_sn32f400.o ABSOLUTE
    Source\Driver\CT16B1.c                   0x00000000   Number         0  ct16b1.o ABSOLUTE
    Source\Driver\GPIO.c                     0x00000000   Number         0  gpio.o ABSOLUTE
    Source\Driver\I2C0.c                     0x00000000   Number         0  i2c0.o ABSOLUTE
    Source\Driver\PFPA.c                     0x00000000   Number         0  pfpa.o ABSOLUTE
    Source\Driver\Utility.c                  0x00000000   Number         0  utility.o ABSOLUTE
    Source\Driver\WDT.c                      0x00000000   Number         0  wdt.o ABSOLUTE
    Source\Module\EEPROM.c                   0x00000000   Number         0  eeprom.o ABSOLUTE
    Source\Module\KeyScan.c                  0x00000000   Number         0  keyscan.o ABSOLUTE
    Source\Module\Segment.c                  0x00000000   Number         0  segment.o ABSOLUTE
    Source\UserAPP\main.c                    0x00000000   Number         0  main.o ABSOLUTE
    Source\\Driver\\CT16B1.c                 0x00000000   Number         0  ct16b1.o ABSOLUTE
    Source\\Driver\\GPIO.c                   0x00000000   Number         0  gpio.o ABSOLUTE
    Source\\Driver\\I2C0.c                   0x00000000   Number         0  i2c0.o ABSOLUTE
    Source\\Driver\\PFPA.c                   0x00000000   Number         0  pfpa.o ABSOLUTE
    Source\\Driver\\Utility.c                0x00000000   Number         0  utility.o ABSOLUTE
    Source\\Driver\\WDT.c                    0x00000000   Number         0  wdt.o ABSOLUTE
    Source\\Module\\EEPROM.c                 0x00000000   Number         0  eeprom.o ABSOLUTE
    Source\\Module\\KeyScan.c                0x00000000   Number         0  keyscan.o ABSOLUTE
    Source\\Module\\Segment.c                0x00000000   Number         0  segment.o ABSOLUTE
    Source\\UserAPP\\main.c                  0x00000000   Number         0  main.o ABSOLUTE
    dc.s                                     0x00000000   Number         0  dc.o ABSOLUTE
    !!!main                                  0x000000c0   Section        8  __main.o(!!!main)
    !!!scatter                               0x000000c8   Section       60  __scatter.o(!!!scatter)
    !!handler_copy                           0x00000104   Section       26  __scatter_copy.o(!!handler_copy)
    !!handler_zi                             0x00000120   Section       28  __scatter_zi.o(!!handler_zi)
    .ARM.Collect$$libinit$$00000000          0x0000013c   Section        2  libinit.o(.ARM.Collect$$libinit$$00000000)
    .ARM.Collect$$libinit$$00000002          0x0000013e   Section        0  libinit2.o(.ARM.Collect$$libinit$$00000002)
    .ARM.Collect$$libinit$$00000004          0x0000013e   Section        0  libinit2.o(.ARM.Collect$$libinit$$00000004)
    .ARM.Collect$$libinit$$0000000A          0x0000013e   Section        0  libinit2.o(.ARM.Collect$$libinit$$0000000A)
    .ARM.Collect$$libinit$$0000000C          0x0000013e   Section        0  libinit2.o(.ARM.Collect$$libinit$$0000000C)
    .ARM.Collect$$libinit$$0000000E          0x0000013e   Section        0  libinit2.o(.ARM.Collect$$libinit$$0000000E)
    .ARM.Collect$$libinit$$00000011          0x0000013e   Section        0  libinit2.o(.ARM.Collect$$libinit$$00000011)
    .ARM.Collect$$libinit$$00000013          0x0000013e   Section        0  libinit2.o(.ARM.Collect$$libinit$$00000013)
    .ARM.Collect$$libinit$$00000015          0x0000013e   Section        0  libinit2.o(.ARM.Collect$$libinit$$00000015)
    .ARM.Collect$$libinit$$00000017          0x0000013e   Section        0  libinit2.o(.ARM.Collect$$libinit$$00000017)
    .ARM.Collect$$libinit$$00000019          0x0000013e   Section        0  libinit2.o(.ARM.Collect$$libinit$$00000019)
    .ARM.Collect$$libinit$$0000001B          0x0000013e   Section        0  libinit2.o(.ARM.Collect$$libinit$$0000001B)
    .ARM.Collect$$libinit$$0000001D          0x0000013e   Section        0  libinit2.o(.ARM.Collect$$libinit$$0000001D)
    .ARM.Collect$$libinit$$0000001F          0x0000013e   Section        0  libinit2.o(.ARM.Collect$$libinit$$0000001F)
    .ARM.Collect$$libinit$$00000021          0x0000013e   Section        0  libinit2.o(.ARM.Collect$$libinit$$00000021)
    .ARM.Collect$$libinit$$00000023          0x0000013e   Section        0  libinit2.o(.ARM.Collect$$libinit$$00000023)
    .ARM.Collect$$libinit$$00000025          0x0000013e   Section        0  libinit2.o(.ARM.Collect$$libinit$$00000025)
    .ARM.Collect$$libinit$$0000002C          0x0000013e   Section        0  libinit2.o(.ARM.Collect$$libinit$$0000002C)
    .ARM.Collect$$libinit$$0000002E          0x0000013e   Section        0  libinit2.o(.ARM.Collect$$libinit$$0000002E)
    .ARM.Collect$$libinit$$00000030          0x0000013e   Section        0  libinit2.o(.ARM.Collect$$libinit$$00000030)
    .ARM.Collect$$libinit$$00000032          0x0000013e   Section        0  libinit2.o(.ARM.Collect$$libinit$$00000032)
    .ARM.Collect$$libinit$$00000033          0x0000013e   Section        2  libinit2.o(.ARM.Collect$$libinit$$00000033)
    .ARM.Collect$$libshutdown$$00000000      0x00000140   Section        2  libshutdown.o(.ARM.Collect$$libshutdown$$00000000)
    .ARM.Collect$$libshutdown$$00000002      0x00000142   Section        0  libshutdown2.o(.ARM.Collect$$libshutdown$$00000002)
    .ARM.Collect$$libshutdown$$00000004      0x00000142   Section        0  libshutdown2.o(.ARM.Collect$$libshutdown$$00000004)
    .ARM.Collect$$libshutdown$$00000007      0x00000142   Section        0  libshutdown2.o(.ARM.Collect$$libshutdown$$00000007)
    .ARM.Collect$$libshutdown$$0000000A      0x00000142   Section        0  libshutdown2.o(.ARM.Collect$$libshutdown$$0000000A)
    .ARM.Collect$$libshutdown$$0000000C      0x00000142   Section        0  libshutdown2.o(.ARM.Collect$$libshutdown$$0000000C)
    .ARM.Collect$$libshutdown$$0000000F      0x00000142   Section        0  libshutdown2.o(.ARM.Collect$$libshutdown$$0000000F)
    .ARM.Collect$$libshutdown$$00000010      0x00000142   Section        2  libshutdown2.o(.ARM.Collect$$libshutdown$$00000010)
    .ARM.Collect$$rtentry$$00000000          0x00000144   Section        0  __rtentry.o(.ARM.Collect$$rtentry$$00000000)
    .ARM.Collect$$rtentry$$00000002          0x00000144   Section        0  __rtentry2.o(.ARM.Collect$$rtentry$$00000002)
    .ARM.Collect$$rtentry$$00000004          0x00000144   Section        6  __rtentry4.o(.ARM.Collect$$rtentry$$00000004)
    .ARM.Collect$$rtentry$$00000009          0x0000014a   Section        0  __rtentry2.o(.ARM.Collect$$rtentry$$00000009)
    .ARM.Collect$$rtentry$$0000000A          0x0000014a   Section        4  __rtentry2.o(.ARM.Collect$$rtentry$$0000000A)
    .ARM.Collect$$rtentry$$0000000C          0x0000014e   Section        0  __rtentry2.o(.ARM.Collect$$rtentry$$0000000C)
    .ARM.Collect$$rtentry$$0000000D          0x0000014e   Section        8  __rtentry2.o(.ARM.Collect$$rtentry$$0000000D)
    .ARM.Collect$$rtexit$$00000000           0x00000156   Section        2  rtexit.o(.ARM.Collect$$rtexit$$00000000)
    .ARM.Collect$$rtexit$$00000002           0x00000158   Section        0  rtexit2.o(.ARM.Collect$$rtexit$$00000002)
    .ARM.Collect$$rtexit$$00000003           0x00000158   Section        4  rtexit2.o(.ARM.Collect$$rtexit$$00000003)
    .ARM.Collect$$rtexit$$00000004           0x0000015c   Section        6  rtexit2.o(.ARM.Collect$$rtexit$$00000004)
    .text                                    0x00000164   Section       44  startup_sn32f400.o(.text)
    .text                                    0x00000190   Section      346  aeabi_sdiv.o(.text)
    .text                                    0x000002ea   Section        0  heapauxi.o(.text)
    .text                                    0x000002f0   Section       62  sys_stackheap_outer.o(.text)
    .text                                    0x0000032e   Section        0  exit.o(.text)
    .text                                    0x00000340   Section        8  libspace.o(.text)
    .text                                    0x00000348   Section        0  sys_exit.o(.text)
    .text                                    0x00000354   Section        2  use_no_semi.o(.text)
    .text                                    0x00000356   Section        0  indicate_semi.o(.text)
    i.ADC_IRQHandler                         0x00000358   Section        0  adc.o(i.ADC_IRQHandler)
    i.Buzzer                                 0x00000368   Section        0  main.o(i.Buzzer)
    i.CMP0_IRQHandler                        0x000003a4   Section        0  cmp.o(i.CMP0_IRQHandler)
    i.CMP1_IRQHandler                        0x000003b8   Section        0  cmp.o(i.CMP1_IRQHandler)
    i.CMP2_IRQHandler                        0x000003cc   Section        0  cmp.o(i.CMP2_IRQHandler)
    i.CMP3_IRQHandler                        0x000003e0   Section        0  cmp.o(i.CMP3_IRQHandler)
    i.CT16B0_IRQHandler                      0x000003f4   Section        0  ct16b0.o(i.CT16B0_IRQHandler)
    i.CT16B0_Init                            0x00000400   Section        0  ct16b0.o(i.CT16B0_Init)
    i.CT16B1_IRQHandler                      0x00000450   Section        0  ct16b1.o(i.CT16B1_IRQHandler)
    i.CT16B5_IRQHandler                      0x00000474   Section        0  ct16b5.o(i.CT16B5_IRQHandler)
    i.DMA_IRQHandler                         0x00000564   Section        0  dma.o(i.DMA_IRQHandler)
    i.Digital_Scan                           0x000005d4   Section        0  segment.o(i.Digital_Scan)
    i.GPIO_Init                              0x00000658   Section        0  gpio.o(i.GPIO_Init)
    i.HardFault_Handler                      0x00000674   Section        0  main.o(i.HardFault_Handler)
    i.I2C0_IRQHandler                        0x00000694   Section        0  i2c0.o(i.I2C0_IRQHandler)
    i.I2C0_Init                              0x000006a4   Section        0  i2c0.o(i.I2C0_Init)
    i.I2C0_Start                             0x000006d4   Section        0  i2c0.o(i.I2C0_Start)
    i.I2C0_Stop                              0x00000700   Section        0  i2c0.o(i.I2C0_Stop)
    i.I2C_read_byte                          0x0000072c   Section        0  i2c0.o(i.I2C_read_byte)
    i.I2C_write_byte                         0x00000774   Section        0  i2c0.o(i.I2C_write_byte)
    i.LVD_IRQHandler                         0x000007ac   Section        0  sys_con_drive.o(i.LVD_IRQHandler)
    i.NotPinOut_GPIO_init                    0x000007c0   Section        0  main.o(i.NotPinOut_GPIO_init)
    i.P0_IRQHandler                          0x000007c4   Section        0  gpio.o(i.P0_IRQHandler)
    i.P1_IRQHandler                          0x000007d4   Section        0  gpio.o(i.P1_IRQHandler)
    i.P2_IRQHandler                          0x000007e4   Section        0  gpio.o(i.P2_IRQHandler)
    i.P3_IRQHandler                          0x000007f4   Section        0  gpio.o(i.P3_IRQHandler)
    i.PFPA_Init                              0x00000804   Section        0  pfpa.o(i.PFPA_Init)
    i.Read_EEPROM                            0x0000082c   Section        0  main.o(i.Read_EEPROM)
    i.SysTick_ConfigTime                     0x00000890   Section        0  systick.o(i.SysTick_ConfigTime)
    i.SysTick_Handler                        0x000008cc   Section        0  systick.o(i.SysTick_Handler)
    i.SysTick_Init                           0x00000a44   Section        0  systick.o(i.SysTick_Init)
    i.SystemCoreClockUpdate                  0x00000a68   Section        0  system_sn32f400.o(i.SystemCoreClockUpdate)
    i.SystemInit                             0x00000b90   Section        0  system_sn32f400.o(i.SystemInit)
    i.UT_DelayNx10us                         0x00000bc8   Section        0  utility.o(i.UT_DelayNx10us)
    i.WDT_IRQHandler                         0x00000be0   Section        0  wdt.o(i.WDT_IRQHandler)
    i.__ARM_common_switch8                   0x00000c04   Section        0  sys_con_drive.o(i.__ARM_common_switch8)
    i.eeprom_read                            0x00000c20   Section        0  eeprom.o(i.eeprom_read)
    i.eeprom_write                           0x00000c8c   Section        0  eeprom.o(i.eeprom_write)
    i.main                                   0x00000ce0   Section        0  main.o(i.main)
    i.update_segment                         0x00001780   Section        0  main.o(i.update_segment)
    .constdata                               0x000017e4   Section       17  segment.o(.constdata)
    .ARM.__at_0x00007FFC                     0x00007ffc   Section        4  startup_sn32f400.o(.ARM.__at_0x00007FFC)
    .data                                    0x20000000   Section      112  main.o(.data)
    .data                                    0x20000070   Section        4  ct16b1.o(.data)
    .data                                    0x20000074   Section        8  systick.o(.data)
    tick_count                               0x20000074   Data           2  systick.o(.data)
    tick_count_7seg                          0x20000076   Data           2  systick.o(.data)
    tick_count_date_time                     0x20000078   Data           2  systick.o(.data)
    tick_count_buzzer_date_time              0x2000007a   Data           2  systick.o(.data)
    .data                                    0x2000007c   Section        4  ct16b5.o(.data)
    .data                                    0x20000080   Section        6  dma.o(.data)
    .data                                    0x20000086   Section        5  segment.o(.data)
    .data                                    0x2000008c   Section        4  system_sn32f400.o(.data)
    .bss                                     0x20000090   Section       96  libspace.o(.bss)
    HEAP                                     0x200000f0   Section        0  startup_sn32f400.o(HEAP)
    STACK                                    0x200000f0   Section      512  startup_sn32f400.o(STACK)
    Heap_Mem                                 0x200000f0   Data           0  startup_sn32f400.o(HEAP)
    Stack_Mem                                0x200000f0   Data         512  startup_sn32f400.o(STACK)
    __initial_sp                             0x200002f0   Data           0  startup_sn32f400.o(STACK)

    Global Symbols

    Symbol Name                              Value     Ov Type        Size  Object(Section)

    BuildAttributes$$THM_ISAv3M$S$PE$A:L22$X:L11$S22$IEEE1$IW$USESV6$~STKCKD$USESV7$~SHL$OSPACE$ROPI$EBA8$UX$STANDARDLIB$REQ8$PRES8$EABIv2 0x00000000   Number         0  anon$$obj.o ABSOLUTE
    __ARM_use_no_argv                        0x00000000   Number         0  main.o ABSOLUTE
    __Vectors                                0x00000000   Data           4  startup_sn32f400.o(RESET)
    __ARM_exceptions_init                     - Undefined Weak Reference
    __alloca_initialize                       - Undefined Weak Reference
    __arm_preinit_                            - Undefined Weak Reference
    __cpp_initialize__aeabi_                  - Undefined Weak Reference
    __cxa_finalize                            - Undefined Weak Reference
    __rt_locale                               - Undefined Weak Reference
    __sigvec_lookup                           - Undefined Weak Reference
    _atexit_init                              - Undefined Weak Reference
    _call_atexit_fns                          - Undefined Weak Reference
    _clock_init                               - Undefined Weak Reference
    _fp_trap_init                             - Undefined Weak Reference
    _fp_trap_shutdown                         - Undefined Weak Reference
    _get_lc_collate                           - Undefined Weak Reference
    _get_lc_ctype                             - Undefined Weak Reference
    _get_lc_monetary                          - Undefined Weak Reference
    _get_lc_numeric                           - Undefined Weak Reference
    _get_lc_time                              - Undefined Weak Reference
    _getenv_init                              - Undefined Weak Reference
    _handle_redirection                       - Undefined Weak Reference
    _init_alloc                               - Undefined Weak Reference
    _init_user_alloc                          - Undefined Weak Reference
    _initio                                   - Undefined Weak Reference
    _rand_init                                - Undefined Weak Reference
    _signal_finish                            - Undefined Weak Reference
    _signal_init                              - Undefined Weak Reference
    _terminate_alloc                          - Undefined Weak Reference
    _terminate_user_alloc                     - Undefined Weak Reference
    _terminateio                              - Undefined Weak Reference
    __main                                   0x000000c1   Thumb Code     8  __main.o(!!!main)
    __scatterload                            0x000000c9   Thumb Code     0  __scatter.o(!!!scatter)
    __scatterload_rt2                        0x000000c9   Thumb Code    52  __scatter.o(!!!scatter)
    __scatterload_rt2_thumb_only             0x000000c9   Thumb Code     0  __scatter.o(!!!scatter)
    __scatterload_null                       0x000000d9   Thumb Code     0  __scatter.o(!!!scatter)
    __scatterload_copy                       0x00000105   Thumb Code    26  __scatter_copy.o(!!handler_copy)
    __scatterload_zeroinit                   0x00000121   Thumb Code    28  __scatter_zi.o(!!handler_zi)
    __rt_lib_init                            0x0000013d   Thumb Code     0  libinit.o(.ARM.Collect$$libinit$$00000000)
    __rt_lib_init_alloca_1                   0x0000013f   Thumb Code     0  libinit2.o(.ARM.Collect$$libinit$$0000002E)
    __rt_lib_init_argv_1                     0x0000013f   Thumb Code     0  libinit2.o(.ARM.Collect$$libinit$$0000002C)
    __rt_lib_init_atexit_1                   0x0000013f   Thumb Code     0  libinit2.o(.ARM.Collect$$libinit$$0000001B)
    __rt_lib_init_clock_1                    0x0000013f   Thumb Code     0  libinit2.o(.ARM.Collect$$libinit$$00000021)
    __rt_lib_init_cpp_1                      0x0000013f   Thumb Code     0  libinit2.o(.ARM.Collect$$libinit$$00000032)
    __rt_lib_init_exceptions_1               0x0000013f   Thumb Code     0  libinit2.o(.ARM.Collect$$libinit$$00000030)
    __rt_lib_init_fp_1                       0x0000013f   Thumb Code     0  libinit2.o(.ARM.Collect$$libinit$$00000002)
    __rt_lib_init_fp_trap_1                  0x0000013f   Thumb Code     0  libinit2.o(.ARM.Collect$$libinit$$0000001F)
    __rt_lib_init_getenv_1                   0x0000013f   Thumb Code     0  libinit2.o(.ARM.Collect$$libinit$$00000023)
    __rt_lib_init_heap_1                     0x0000013f   Thumb Code     0  libinit2.o(.ARM.Collect$$libinit$$0000000A)
    __rt_lib_init_lc_collate_1               0x0000013f   Thumb Code     0  libinit2.o(.ARM.Collect$$libinit$$00000011)
    __rt_lib_init_lc_ctype_1                 0x0000013f   Thumb Code     0  libinit2.o(.ARM.Collect$$libinit$$00000013)
    __rt_lib_init_lc_monetary_1              0x0000013f   Thumb Code     0  libinit2.o(.ARM.Collect$$libinit$$00000015)
    __rt_lib_init_lc_numeric_1               0x0000013f   Thumb Code     0  libinit2.o(.ARM.Collect$$libinit$$00000017)
    __rt_lib_init_lc_time_1                  0x0000013f   Thumb Code     0  libinit2.o(.ARM.Collect$$libinit$$00000019)
    __rt_lib_init_preinit_1                  0x0000013f   Thumb Code     0  libinit2.o(.ARM.Collect$$libinit$$00000004)
    __rt_lib_init_rand_1                     0x0000013f   Thumb Code     0  libinit2.o(.ARM.Collect$$libinit$$0000000E)
    __rt_lib_init_return                     0x0000013f   Thumb Code     0  libinit2.o(.ARM.Collect$$libinit$$00000033)
    __rt_lib_init_signal_1                   0x0000013f   Thumb Code     0  libinit2.o(.ARM.Collect$$libinit$$0000001D)
    __rt_lib_init_stdio_1                    0x0000013f   Thumb Code     0  libinit2.o(.ARM.Collect$$libinit$$00000025)
    __rt_lib_init_user_alloc_1               0x0000013f   Thumb Code     0  libinit2.o(.ARM.Collect$$libinit$$0000000C)
    __rt_lib_shutdown                        0x00000141   Thumb Code     0  libshutdown.o(.ARM.Collect$$libshutdown$$00000000)
    __rt_lib_shutdown_cpp_1                  0x00000143   Thumb Code     0  libshutdown2.o(.ARM.Collect$$libshutdown$$00000002)
    __rt_lib_shutdown_fp_trap_1              0x00000143   Thumb Code     0  libshutdown2.o(.ARM.Collect$$libshutdown$$00000007)
    __rt_lib_shutdown_heap_1                 0x00000143   Thumb Code     0  libshutdown2.o(.ARM.Collect$$libshutdown$$0000000F)
    __rt_lib_shutdown_return                 0x00000143   Thumb Code     0  libshutdown2.o(.ARM.Collect$$libshutdown$$00000010)
    __rt_lib_shutdown_signal_1               0x00000143   Thumb Code     0  libshutdown2.o(.ARM.Collect$$libshutdown$$0000000A)
    __rt_lib_shutdown_stdio_1                0x00000143   Thumb Code     0  libshutdown2.o(.ARM.Collect$$libshutdown$$00000004)
    __rt_lib_shutdown_user_alloc_1           0x00000143   Thumb Code     0  libshutdown2.o(.ARM.Collect$$libshutdown$$0000000C)
    __rt_entry                               0x00000145   Thumb Code     0  __rtentry.o(.ARM.Collect$$rtentry$$00000000)
    __rt_entry_presh_1                       0x00000145   Thumb Code     0  __rtentry2.o(.ARM.Collect$$rtentry$$00000002)
    __rt_entry_sh                            0x00000145   Thumb Code     0  __rtentry4.o(.ARM.Collect$$rtentry$$00000004)
    __rt_entry_li                            0x0000014b   Thumb Code     0  __rtentry2.o(.ARM.Collect$$rtentry$$0000000A)
    __rt_entry_postsh_1                      0x0000014b   Thumb Code     0  __rtentry2.o(.ARM.Collect$$rtentry$$00000009)
    __rt_entry_main                          0x0000014f   Thumb Code     0  __rtentry2.o(.ARM.Collect$$rtentry$$0000000D)
    __rt_entry_postli_1                      0x0000014f   Thumb Code     0  __rtentry2.o(.ARM.Collect$$rtentry$$0000000C)
    __rt_exit                                0x00000157   Thumb Code     0  rtexit.o(.ARM.Collect$$rtexit$$00000000)
    __rt_exit_ls                             0x00000159   Thumb Code     0  rtexit2.o(.ARM.Collect$$rtexit$$00000003)
    __rt_exit_prels_1                        0x00000159   Thumb Code     0  rtexit2.o(.ARM.Collect$$rtexit$$00000002)
    __rt_exit_exit                           0x0000015d   Thumb Code     0  rtexit2.o(.ARM.Collect$$rtexit$$00000004)
    Reset_Handler                            0x00000165   Thumb Code     4  startup_sn32f400.o(.text)
    NMI_Handler                              0x00000169   Thumb Code     2  startup_sn32f400.o(.text)
    SVC_Handler                              0x0000016d   Thumb Code     2  startup_sn32f400.o(.text)
    PendSV_Handler                           0x0000016f   Thumb Code     2  startup_sn32f400.o(.text)
    ATAN_IRQHandler                          0x00000173   Thumb Code     0  startup_sn32f400.o(.text)
    DIV_IRQHandler                           0x00000173   Thumb Code     0  startup_sn32f400.o(.text)
    FOC_IRQHandler                           0x00000173   Thumb Code     0  startup_sn32f400.o(.text)
    NDT_IRQHandler                           0x00000173   Thumb Code     0  startup_sn32f400.o(.text)
    RTC_IRQHandler                           0x00000173   Thumb Code     0  startup_sn32f400.o(.text)
    SPI0_IRQHandler                          0x00000173   Thumb Code     0  startup_sn32f400.o(.text)
    SQRT_IRQHandler                          0x00000173   Thumb Code     0  startup_sn32f400.o(.text)
    UART0_IRQHandler                         0x00000173   Thumb Code     0  startup_sn32f400.o(.text)
    UART1_IRQHandler                         0x00000173   Thumb Code     0  startup_sn32f400.o(.text)
    __user_initial_stackheap                 0x00000175   Thumb Code     0  startup_sn32f400.o(.text)
    __aeabi_uidiv                            0x00000191   Thumb Code     0  aeabi_sdiv.o(.text)
    __aeabi_uidivmod                         0x00000191   Thumb Code    20  aeabi_sdiv.o(.text)
    __aeabi_idiv                             0x000001a5   Thumb Code     0  aeabi_sdiv.o(.text)
    __aeabi_idivmod                          0x000001a5   Thumb Code   326  aeabi_sdiv.o(.text)
    __use_two_region_memory                  0x000002eb   Thumb Code     2  heapauxi.o(.text)
    __rt_heap_escrow$2region                 0x000002ed   Thumb Code     2  heapauxi.o(.text)
    __rt_heap_expand$2region                 0x000002ef   Thumb Code     2  heapauxi.o(.text)
    __user_setup_stackheap                   0x000002f1   Thumb Code    62  sys_stackheap_outer.o(.text)
    exit                                     0x0000032f   Thumb Code    16  exit.o(.text)
    __user_libspace                          0x00000341   Thumb Code     8  libspace.o(.text)
    __user_perproc_libspace                  0x00000341   Thumb Code     0  libspace.o(.text)
    __user_perthread_libspace                0x00000341   Thumb Code     0  libspace.o(.text)
    _sys_exit                                0x00000349   Thumb Code     8  sys_exit.o(.text)
    __I$use$semihosting                      0x00000355   Thumb Code     0  use_no_semi.o(.text)
    __use_no_semihosting_swi                 0x00000355   Thumb Code     2  use_no_semi.o(.text)
    __semihosting_library_function           0x00000357   Thumb Code     0  indicate_semi.o(.text)
    ADC_IRQHandler                           0x00000359   Thumb Code     8  adc.o(i.ADC_IRQHandler)
    Buzzer                                   0x00000369   Thumb Code    52  main.o(i.Buzzer)
    CMP0_IRQHandler                          0x000003a5   Thumb Code    14  cmp.o(i.CMP0_IRQHandler)
    CMP1_IRQHandler                          0x000003b9   Thumb Code    14  cmp.o(i.CMP1_IRQHandler)
    CMP2_IRQHandler                          0x000003cd   Thumb Code    14  cmp.o(i.CMP2_IRQHandler)
    CMP3_IRQHandler                          0x000003e1   Thumb Code    14  cmp.o(i.CMP3_IRQHandler)
    CT16B0_IRQHandler                        0x000003f5   Thumb Code    10  ct16b0.o(i.CT16B0_IRQHandler)
    CT16B0_Init                              0x00000401   Thumb Code    62  ct16b0.o(i.CT16B0_Init)
    CT16B1_IRQHandler                        0x00000451   Thumb Code    26  ct16b1.o(i.CT16B1_IRQHandler)
    CT16B5_IRQHandler                        0x00000475   Thumb Code   232  ct16b5.o(i.CT16B5_IRQHandler)
    DMA_IRQHandler                           0x00000565   Thumb Code   102  dma.o(i.DMA_IRQHandler)
    Digital_Scan                             0x000005d5   Thumb Code   116  segment.o(i.Digital_Scan)
    GPIO_Init                                0x00000659   Thumb Code    20  gpio.o(i.GPIO_Init)
    HardFault_Handler                        0x00000675   Thumb Code    24  main.o(i.HardFault_Handler)
    I2C0_IRQHandler                          0x00000695   Thumb Code    10  i2c0.o(i.I2C0_IRQHandler)
    I2C0_Init                                0x000006a5   Thumb Code    40  i2c0.o(i.I2C0_Init)
    I2C0_Start                               0x000006d5   Thumb Code    40  i2c0.o(i.I2C0_Start)
    I2C0_Stop                                0x00000701   Thumb Code    40  i2c0.o(i.I2C0_Stop)
    I2C_read_byte                            0x0000072d   Thumb Code    68  i2c0.o(i.I2C_read_byte)
    I2C_write_byte                           0x00000775   Thumb Code    50  i2c0.o(i.I2C_write_byte)
    LVD_IRQHandler                           0x000007ad   Thumb Code    14  sys_con_drive.o(i.LVD_IRQHandler)
    NotPinOut_GPIO_init                      0x000007c1   Thumb Code     2  main.o(i.NotPinOut_GPIO_init)
    P0_IRQHandler                            0x000007c5   Thumb Code     8  gpio.o(i.P0_IRQHandler)
    P1_IRQHandler                            0x000007d5   Thumb Code     8  gpio.o(i.P1_IRQHandler)
    P2_IRQHandler                            0x000007e5   Thumb Code     8  gpio.o(i.P2_IRQHandler)
    P3_IRQHandler                            0x000007f5   Thumb Code     8  gpio.o(i.P3_IRQHandler)
    PFPA_Init                                0x00000805   Thumb Code    36  pfpa.o(i.PFPA_Init)
    Read_EEPROM                              0x0000082d   Thumb Code    86  main.o(i.Read_EEPROM)
    SysTick_ConfigTime                       0x00000891   Thumb Code    52  systick.o(i.SysTick_ConfigTime)
    SysTick_Handler                          0x000008cd   Thumb Code   312  systick.o(i.SysTick_Handler)
    SysTick_Init                             0x00000a45   Thumb Code    32  systick.o(i.SysTick_Init)
    SystemCoreClockUpdate                    0x00000a69   Thumb Code   260  system_sn32f400.o(i.SystemCoreClockUpdate)
    SystemInit                               0x00000b91   Thumb Code    52  system_sn32f400.o(i.SystemInit)
    UT_DelayNx10us                           0x00000bc9   Thumb Code    22  utility.o(i.UT_DelayNx10us)
    WDT_IRQHandler                           0x00000be1   Thumb Code    24  wdt.o(i.WDT_IRQHandler)
    __ARM_common_switch8                     0x00000c05   Thumb Code    28  sys_con_drive.o(i.__ARM_common_switch8)
    eeprom_read                              0x00000c21   Thumb Code   108  eeprom.o(i.eeprom_read)
    eeprom_write                             0x00000c8d   Thumb Code    84  eeprom.o(i.eeprom_write)
    main                                     0x00000ce1   Thumb Code  2614  main.o(i.main)
    update_segment                           0x00001781   Thumb Code    90  main.o(i.update_segment)
    SEGMENT_TABLE                            0x000017e4   Data          17  segment.o(.constdata)
    Region$$Table$$Base                      0x000017f8   Number         0  anon$$obj.o(Region$$Table)
    Region$$Table$$Limit                     0x00001818   Number         0  anon$$obj.o(Region$$Table)
    Timeout                                  0x20000000   Data           2  main.o(.data)
    Timeout_Flag                             0x20000002   Data           1  main.o(.data)
    update_1m_flag                           0x20000003   Data           1  main.o(.data)
    Timer_Debounce_SW3                       0x20000004   Data           4  main.o(.data)
    Blink_HH                                 0x20000008   Data           1  main.o(.data)
    Blink_MM                                 0x20000009   Data           1  main.o(.data)
    Buzzer_03                                0x2000000a   Data           2  main.o(.data)
    Buzzer_03_Flag                           0x2000000c   Data           1  main.o(.data)
    Buzzer_5_Flag                            0x2000000d   Data           1  main.o(.data)
    Buzzer_5_Flag_tmp                        0x2000000e   Data           1  main.o(.data)
    minute                                   0x20000010   Data           2  main.o(.data)
    hour                                     0x20000012   Data           2  main.o(.data)
    Mode_Normal                              0x20000014   Data           4  main.o(.data)
    Mode_Change_Time_Hour                    0x20000018   Data           4  main.o(.data)
    Mode_Change_Time_Minute                  0x2000001c   Data           4  main.o(.data)
    Mode_Change_Time_Hour_Date               0x20000020   Data           4  main.o(.data)
    Mode_Change_Time_Minute_Date             0x20000024   Data           4  main.o(.data)
    sw3_counter                              0x20000028   Data           4  main.o(.data)
    sw3_counter_check                        0x2000002c   Data           4  main.o(.data)
    sw3_current_state                        0x20000030   Data           4  main.o(.data)
    sw3_last_state                           0x20000034   Data           4  main.o(.data)
    sw16_counter                             0x20000038   Data           4  main.o(.data)
    sw16_current_state                       0x2000003c   Data           4  main.o(.data)
    sw16_last_state                          0x20000040   Data           4  main.o(.data)
    sw6_counter                              0x20000044   Data           4  main.o(.data)
    sw6_current_state                        0x20000048   Data           4  main.o(.data)
    sw10_counter                             0x2000004c   Data           4  main.o(.data)
    sw10_current_state                       0x20000050   Data           4  main.o(.data)
    Hour_Change_Time                         0x20000054   Data           1  main.o(.data)
    Minute_Change_Time                       0x20000055   Data           1  main.o(.data)
    Hour_Change_Time_Date                    0x20000056   Data           1  main.o(.data)
    Minute_Change_Time_Date                  0x20000057   Data           1  main.o(.data)
    EEPROM_Data                              0x20000058   Data           3  main.o(.data)
    Check_Date_Hour                          0x2000005b   Data           1  main.o(.data)
    Check_Date_Minute                        0x2000005c   Data           1  main.o(.data)
    sw3_val                                  0x2000005d   Data           1  main.o(.data)
    sw6_val                                  0x2000005e   Data           1  main.o(.data)
    sw10_val                                 0x2000005f   Data           1  main.o(.data)
    sw16_val                                 0x20000060   Data           1  main.o(.data)
    check                                    0x20000064   Data           4  main.o(.data)
    button_check                             0x20000068   Data           4  main.o(.data)
    button_check_date                        0x2000006c   Data           4  main.o(.data)
    timer_repeat                             0x20000070   Data           2  ct16b1.o(.data)
    timer_1s_flag                            0x20000072   Data           1  ct16b1.o(.data)
    timer_1ms_flag                           0x20000073   Data           1  ct16b1.o(.data)
    iwCT16B5_IrqEvent                        0x2000007c   Data           4  ct16b5.o(.data)
    stDMA0IntFlag                            0x20000080   Data           6  dma.o(.data)
    com_scan                                 0x20000086   Data           1  segment.o(.data)
    segment_buff                             0x20000087   Data           4  segment.o(.data)
    SystemCoreClock                          0x2000008c   Data           4  system_sn32f400.o(.data)
    __libspace_start                         0x20000090   Data          96  libspace.o(.bss)
    __temporary_stack_top$libspace           0x200000f0   Data           0  libspace.o(.bss)



==============================================================================

Memory Map of the image

  Image Entry point : 0x000000c1

  Load Region LR_IROM1 (Base: 0x00000000, Size: 0x000018a8, Max: 0x00007ffc, ABSOLUTE)

    Execution Region ER_IROM1 (Exec base: 0x00000000, Load base: 0x00000000, Size: 0x00001818, Max: 0x00007ffc, ABSOLUTE)

    Exec Addr    Load Addr    Size         Type   Attr      Idx    E Section Name        Object

    0x00000000   0x00000000   0x000000c0   Data   RO          966    RESET               startup_sn32f400.o
    0x000000c0   0x000000c0   0x00000008   Code   RO         1014  * !!!main             c_p.l(__main.o)
    0x000000c8   0x000000c8   0x0000003c   Code   RO         1183    !!!scatter          c_p.l(__scatter.o)
    0x00000104   0x00000104   0x0000001a   Code   RO         1185    !!handler_copy      c_p.l(__scatter_copy.o)
    0x0000011e   0x0000011e   0x00000002   PAD
    0x00000120   0x00000120   0x0000001c   Code   RO         1187    !!handler_zi        c_p.l(__scatter_zi.o)
    0x0000013c   0x0000013c   0x00000002   Code   RO         1052    .ARM.Collect$$libinit$$00000000  c_p.l(libinit.o)
    0x0000013e   0x0000013e   0x00000000   Code   RO         1066    .ARM.Collect$$libinit$$00000002  c_p.l(libinit2.o)
    0x0000013e   0x0000013e   0x00000000   Code   RO         1068    .ARM.Collect$$libinit$$00000004  c_p.l(libinit2.o)
    0x0000013e   0x0000013e   0x00000000   Code   RO         1071    .ARM.Collect$$libinit$$0000000A  c_p.l(libinit2.o)
    0x0000013e   0x0000013e   0x00000000   Code   RO         1073    .ARM.Collect$$libinit$$0000000C  c_p.l(libinit2.o)
    0x0000013e   0x0000013e   0x00000000   Code   RO         1075    .ARM.Collect$$libinit$$0000000E  c_p.l(libinit2.o)
    0x0000013e   0x0000013e   0x00000000   Code   RO         1078    .ARM.Collect$$libinit$$00000011  c_p.l(libinit2.o)
    0x0000013e   0x0000013e   0x00000000   Code   RO         1080    .ARM.Collect$$libinit$$00000013  c_p.l(libinit2.o)
    0x0000013e   0x0000013e   0x00000000   Code   RO         1082    .ARM.Collect$$libinit$$00000015  c_p.l(libinit2.o)
    0x0000013e   0x0000013e   0x00000000   Code   RO         1084    .ARM.Collect$$libinit$$00000017  c_p.l(libinit2.o)
    0x0000013e   0x0000013e   0x00000000   Code   RO         1086    .ARM.Collect$$libinit$$00000019  c_p.l(libinit2.o)
    0x0000013e   0x0000013e   0x00000000   Code   RO         1088    .ARM.Collect$$libinit$$0000001B  c_p.l(libinit2.o)
    0x0000013e   0x0000013e   0x00000000   Code   RO         1090    .ARM.Collect$$libinit$$0000001D  c_p.l(libinit2.o)
    0x0000013e   0x0000013e   0x00000000   Code   RO         1092    .ARM.Collect$$libinit$$0000001F  c_p.l(libinit2.o)
    0x0000013e   0x0000013e   0x00000000   Code   RO         1094    .ARM.Collect$$libinit$$00000021  c_p.l(libinit2.o)
    0x0000013e   0x0000013e   0x00000000   Code   RO         1096    .ARM.Collect$$libinit$$00000023  c_p.l(libinit2.o)
    0x0000013e   0x0000013e   0x00000000   Code   RO         1098    .ARM.Collect$$libinit$$00000025  c_p.l(libinit2.o)
    0x0000013e   0x0000013e   0x00000000   Code   RO         1102    .ARM.Collect$$libinit$$0000002C  c_p.l(libinit2.o)
    0x0000013e   0x0000013e   0x00000000   Code   RO         1104    .ARM.Collect$$libinit$$0000002E  c_p.l(libinit2.o)
    0x0000013e   0x0000013e   0x00000000   Code   RO         1106    .ARM.Collect$$libinit$$00000030  c_p.l(libinit2.o)
    0x0000013e   0x0000013e   0x00000000   Code   RO         1108    .ARM.Collect$$libinit$$00000032  c_p.l(libinit2.o)
    0x0000013e   0x0000013e   0x00000002   Code   RO         1109    .ARM.Collect$$libinit$$00000033  c_p.l(libinit2.o)
    0x00000140   0x00000140   0x00000002   Code   RO         1140    .ARM.Collect$$libshutdown$$00000000  c_p.l(libshutdown.o)
    0x00000142   0x00000142   0x00000000   Code   RO         1166    .ARM.Collect$$libshutdown$$00000002  c_p.l(libshutdown2.o)
    0x00000142   0x00000142   0x00000000   Code   RO         1168    .ARM.Collect$$libshutdown$$00000004  c_p.l(libshutdown2.o)
    0x00000142   0x00000142   0x00000000   Code   RO         1171    .ARM.Collect$$libshutdown$$00000007  c_p.l(libshutdown2.o)
    0x00000142   0x00000142   0x00000000   Code   RO         1174    .ARM.Collect$$libshutdown$$0000000A  c_p.l(libshutdown2.o)
    0x00000142   0x00000142   0x00000000   Code   RO         1176    .ARM.Collect$$libshutdown$$0000000C  c_p.l(libshutdown2.o)
    0x00000142   0x00000142   0x00000000   Code   RO         1179    .ARM.Collect$$libshutdown$$0000000F  c_p.l(libshutdown2.o)
    0x00000142   0x00000142   0x00000002   Code   RO         1180    .ARM.Collect$$libshutdown$$00000010  c_p.l(libshutdown2.o)
    0x00000144   0x00000144   0x00000000   Code   RO         1016    .ARM.Collect$$rtentry$$00000000  c_p.l(__rtentry.o)
    0x00000144   0x00000144   0x00000000   Code   RO         1022    .ARM.Collect$$rtentry$$00000002  c_p.l(__rtentry2.o)
    0x00000144   0x00000144   0x00000006   Code   RO         1034    .ARM.Collect$$rtentry$$00000004  c_p.l(__rtentry4.o)
    0x0000014a   0x0000014a   0x00000000   Code   RO         1024    .ARM.Collect$$rtentry$$00000009  c_p.l(__rtentry2.o)
    0x0000014a   0x0000014a   0x00000004   Code   RO         1025    .ARM.Collect$$rtentry$$0000000A  c_p.l(__rtentry2.o)
    0x0000014e   0x0000014e   0x00000000   Code   RO         1027    .ARM.Collect$$rtentry$$0000000C  c_p.l(__rtentry2.o)
    0x0000014e   0x0000014e   0x00000008   Code   RO         1028    .ARM.Collect$$rtentry$$0000000D  c_p.l(__rtentry2.o)
    0x00000156   0x00000156   0x00000002   Code   RO         1057    .ARM.Collect$$rtexit$$00000000  c_p.l(rtexit.o)
    0x00000158   0x00000158   0x00000000   Code   RO         1113    .ARM.Collect$$rtexit$$00000002  c_p.l(rtexit2.o)
    0x00000158   0x00000158   0x00000004   Code   RO         1114    .ARM.Collect$$rtexit$$00000003  c_p.l(rtexit2.o)
    0x0000015c   0x0000015c   0x00000006   Code   RO         1115    .ARM.Collect$$rtexit$$00000004  c_p.l(rtexit2.o)
    0x00000162   0x00000162   0x00000002   PAD
    0x00000164   0x00000164   0x0000002c   Code   RO          968    .text               startup_sn32f400.o
    0x00000190   0x00000190   0x0000015a   Code   RO         1008    .text               c_p.l(aeabi_sdiv.o)
    0x000002ea   0x000002ea   0x00000006   Code   RO         1012    .text               c_p.l(heapauxi.o)
    0x000002f0   0x000002f0   0x0000003e   Code   RO         1038    .text               c_p.l(sys_stackheap_outer.o)
    0x0000032e   0x0000032e   0x00000010   Code   RO         1041    .text               c_p.l(exit.o)
    0x0000033e   0x0000033e   0x00000002   PAD
    0x00000340   0x00000340   0x00000008   Code   RO         1053    .text               c_p.l(libspace.o)
    0x00000348   0x00000348   0x0000000c   Code   RO         1110    .text               c_p.l(sys_exit.o)
    0x00000354   0x00000354   0x00000002   Code   RO         1129    .text               c_p.l(use_no_semi.o)
    0x00000356   0x00000356   0x00000000   Code   RO         1131    .text               c_p.l(indicate_semi.o)
    0x00000356   0x00000356   0x00000002   PAD
    0x00000358   0x00000358   0x00000010   Code   RO          548    i.ADC_IRQHandler    adc.o
    0x00000368   0x00000368   0x0000003c   Code   RO            3    i.Buzzer            main.o
    0x000003a4   0x000003a4   0x00000014   Code   RO          591    i.CMP0_IRQHandler   cmp.o
    0x000003b8   0x000003b8   0x00000014   Code   RO          592    i.CMP1_IRQHandler   cmp.o
    0x000003cc   0x000003cc   0x00000014   Code   RO          593    i.CMP2_IRQHandler   cmp.o
    0x000003e0   0x000003e0   0x00000014   Code   RO          594    i.CMP3_IRQHandler   cmp.o
    0x000003f4   0x000003f4   0x0000000a   Code   RO          378    i.CT16B0_IRQHandler  ct16b0.o
    0x000003fe   0x000003fe   0x00000002   PAD
    0x00000400   0x00000400   0x00000050   Code   RO          379    i.CT16B0_Init       ct16b0.o
    0x00000450   0x00000450   0x00000024   Code   RO          266    i.CT16B1_IRQHandler  ct16b1.o
    0x00000474   0x00000474   0x000000f0   Code   RO          693    i.CT16B5_IRQHandler  ct16b5.o
    0x00000564   0x00000564   0x00000070   Code   RO          738    i.DMA_IRQHandler    dma.o
    0x000005d4   0x000005d4   0x00000084   Code   RO          897    i.Digital_Scan      segment.o
    0x00000658   0x00000658   0x0000001c   Code   RO          135    i.GPIO_Init         gpio.o
    0x00000674   0x00000674   0x00000020   Code   RO            4    i.HardFault_Handler  main.o
    0x00000694   0x00000694   0x00000010   Code   RO          321    i.I2C0_IRQHandler   i2c0.o
    0x000006a4   0x000006a4   0x00000030   Code   RO          322    i.I2C0_Init         i2c0.o
    0x000006d4   0x000006d4   0x0000002c   Code   RO          323    i.I2C0_Start        i2c0.o
    0x00000700   0x00000700   0x0000002c   Code   RO          324    i.I2C0_Stop         i2c0.o
    0x0000072c   0x0000072c   0x00000048   Code   RO          325    i.I2C_read_byte     i2c0.o
    0x00000774   0x00000774   0x00000038   Code   RO          326    i.I2C_write_byte    i2c0.o
    0x000007ac   0x000007ac   0x00000014   Code   RO          422    i.LVD_IRQHandler    sys_con_drive.o
    0x000007c0   0x000007c0   0x00000002   Code   RO            5    i.NotPinOut_GPIO_init  main.o
    0x000007c2   0x000007c2   0x00000002   PAD
    0x000007c4   0x000007c4   0x00000010   Code   RO          136    i.P0_IRQHandler     gpio.o
    0x000007d4   0x000007d4   0x00000010   Code   RO          137    i.P1_IRQHandler     gpio.o
    0x000007e4   0x000007e4   0x00000010   Code   RO          138    i.P2_IRQHandler     gpio.o
    0x000007f4   0x000007f4   0x00000010   Code   RO          139    i.P3_IRQHandler     gpio.o
    0x00000804   0x00000804   0x00000028   Code   RO          112    i.PFPA_Init         pfpa.o
    0x0000082c   0x0000082c   0x00000064   Code   RO            6    i.Read_EEPROM       main.o
    0x00000890   0x00000890   0x0000003c   Code   RO          508    i.SysTick_ConfigTime  systick.o
    0x000008cc   0x000008cc   0x00000178   Code   RO          509    i.SysTick_Handler   systick.o
    0x00000a44   0x00000a44   0x00000024   Code   RO          510    i.SysTick_Init      systick.o
    0x00000a68   0x00000a68   0x00000128   Code   RO          976    i.SystemCoreClockUpdate  system_sn32f400.o
    0x00000b90   0x00000b90   0x00000038   Code   RO          977    i.SystemInit        system_sn32f400.o
    0x00000bc8   0x00000bc8   0x00000016   Code   RO          238    i.UT_DelayNx10us    utility.o
    0x00000bde   0x00000bde   0x00000002   PAD
    0x00000be0   0x00000be0   0x00000024   Code   RO          182    i.WDT_IRQHandler    wdt.o
    0x00000c04   0x00000c04   0x0000001c   Code   RO          491    i.__ARM_common_switch8  sys_con_drive.o
    0x00000c20   0x00000c20   0x0000006c   Code   RO          863    i.eeprom_read       eeprom.o
    0x00000c8c   0x00000c8c   0x00000054   Code   RO          864    i.eeprom_write      eeprom.o
    0x00000ce0   0x00000ce0   0x00000aa0   Code   RO            7    i.main              main.o
    0x00001780   0x00001780   0x00000064   Code   RO            8    i.update_segment    main.o
    0x000017e4   0x000017e4   0x00000011   Data   RO          898    .constdata          segment.o
    0x000017f5   0x000017f5   0x00000003   PAD
    0x000017f8   0x000017f8   0x00000020   Data   RO         1181    Region$$Table       anon$$obj.o


    Execution Region RW_IRAM1 (Exec base: 0x20000000, Load base: 0x00001818, Size: 0x000002f0, Max: 0x00002000, ABSOLUTE)

    Exec Addr    Load Addr    Size         Type   Attr      Idx    E Section Name        Object

    0x20000000   0x00001818   0x00000070   Data   RW            9    .data               main.o
    0x20000070   0x00001888   0x00000004   Data   RW          271    .data               ct16b1.o
    0x20000074   0x0000188c   0x00000008   Data   RW          511    .data               systick.o
    0x2000007c   0x00001894   0x00000004   Data   RW          697    .data               ct16b5.o
    0x20000080   0x00001898   0x00000006   Data   RW          742    .data               dma.o
    0x20000086   0x0000189e   0x00000005   Data   RW          899    .data               segment.o
    0x2000008b   0x000018a3   0x00000001   PAD
    0x2000008c   0x000018a4   0x00000004   Data   RW          978    .data               system_sn32f400.o
    0x20000090        -       0x00000060   Zero   RW         1054    .bss                c_p.l(libspace.o)
    0x200000f0        -       0x00000000   Zero   RW          965    HEAP                startup_sn32f400.o
    0x200000f0        -       0x00000200   Zero   RW          964    STACK               startup_sn32f400.o



  Load Region LR$$.ARM.__at_0x00007FFC (Base: 0x00007ffc, Size: 0x00000004, Max: 0x00000004, ABSOLUTE)

    Execution Region ER$$.ARM.__at_0x00007FFC (Exec base: 0x00007ffc, Load base: 0x00007ffc, Size: 0x00000004, Max: 0x00000004, ABSOLUTE, UNINIT)

    Exec Addr    Load Addr    Size         Type   Attr      Idx    E Section Name        Object

    0x00007ffc   0x00007ffc   0x00000004   Code   RO          967    .ARM.__at_0x00007FFC  startup_sn32f400.o


==============================================================================

Image component sizes


      Code (inc. data)   RO Data    RW Data    ZI Data      Debug   Object Name

        16          8          0          0          0        385   adc.o
        80         24          0          0          0       1560   cmp.o
        90         18          0          0          0        834   ct16b0.o
        36         10          0          4          0        732   ct16b1.o
       240          8          0          4          0       1160   ct16b5.o
       112         10          0          6          0      10113   dma.o
       192          0          0          0          0       1625   eeprom.o
        92         40          0          0          0       1936   gpio.o
       280         32          0          0          0       2568   i2c0.o
      3014        396          0        112          0      69419   main.o
        40          4          0          0          0        400   pfpa.o
       132         16         17          5          0       1149   segment.o
        48         22        192          0        512        820   startup_sn32f400.o
        48          6          0          0          0        485   sys_con_drive.o
       352         58          0          4          0       1351   system_sn32f400.o
       472         76          0          8          0       1794   systick.o
        22          0          0          0          0        737   utility.o
        36         12          0          0          0        393   wdt.o

    ----------------------------------------------------------------------
      5308        740        244        144        512      97461   Object Totals
         0          0         32          0          0          0   (incl. Generated)
         6          0          3          1          0          0   (incl. Padding)

    ----------------------------------------------------------------------

      Code (inc. data)   RO Data    RW Data    ZI Data      Debug   Library Member Name

         8          0          0          0          0         68   __main.o
         0          0          0          0          0          0   __rtentry.o
        12          0          0          0          0          0   __rtentry2.o
         6          0          0          0          0          0   __rtentry4.o
        60          8          0          0          0          0   __scatter.o
        26          0          0          0          0          0   __scatter_copy.o
        28          0          0          0          0          0   __scatter_zi.o
       346          0          0          0          0         92   aeabi_sdiv.o
        16          0          0          0          0         68   exit.o
         6          0          0          0          0        136   heapauxi.o
         0          0          0          0          0          0   indicate_semi.o
         2          0          0          0          0          0   libinit.o
         2          0          0          0          0          0   libinit2.o
         2          0          0          0          0          0   libshutdown.o
         2          0          0          0          0          0   libshutdown2.o
         8          4          0          0         96         68   libspace.o
         2          0          0          0          0          0   rtexit.o
        10          0          0          0          0          0   rtexit2.o
        12          4          0          0          0         60   sys_exit.o
        62          0          0          0          0         80   sys_stackheap_outer.o
         2          0          0          0          0         68   use_no_semi.o

    ----------------------------------------------------------------------
       620         16          0          0         96        640   Library Totals
         8          0          0          0          0          0   (incl. Padding)

    ----------------------------------------------------------------------

      Code (inc. data)   RO Data    RW Data    ZI Data      Debug   Library Name

       612         16          0          0         96        640   c_p.l

    ----------------------------------------------------------------------
       620         16          0          0         96        640   Library Totals

    ----------------------------------------------------------------------

==============================================================================


      Code (inc. data)   RO Data    RW Data    ZI Data      Debug   

      5928        756        244        144        608      96329   Grand Totals
      5928        756        244        144        608      96329   ELF Image Totals
      5928        756        244        144          0          0   ROM Totals

==============================================================================

    Total RO  Size (Code + RO Data)                 6172 (   6.03kB)
    Total RW  Size (RW Data + ZI Data)               752 (   0.73kB)
    Total ROM Size (Code + RO Data + RW Data)       6316 (   6.17kB)

==============================================================================

